15:19:17 **** Incremental Build of configuration Debug for project sd ****
make all 
'Building target: sd.elf'
'Invoking: MicroBlaze gcc linker'
mb-gcc -Wl,-T -Wl,../src/lscript.ld -L../../freertos_bsp_0/microblaze_0/lib -mlittle-endian -mxl-barrel-shift -mxl-pattern-compare -mcpu=v8.50.c -mno-xl-soft-mul -Wl,--no-relax -Wl,--gc-sections -o "sd.elf"  ./src/ff.o ./src/helloworld.o ./src/ma_delay.o ./src/ma_ff_timer.o ./src/ma_sd_gpio.o ./src/sdmm.o   -Wl,--start-group,-lxil,-lgcc,-lc,--end-group
c:/xilinx/14.7/ise_ds/edk/gnu/microblaze/nt/bin/../lib/gcc/microblaze-xilinx-elf/4.6.4/../../../../microblaze-xilinx-elf/lib/bs/m/le/crt0.o: In function `_vector_interrupt':
(.vectors.interrupt+0x0): undefined reference to `_interrupt_handler'
../../freertos_bsp_0/microblaze_0/lib\libxil.a(print.o): In function `print':
/wrk/ptx/users/nagaraju/GCC_2013_03/newlib/libgloss/microblaze/print.c:25: undefined reference to `outbyte'
../../freertos_bsp_0/microblaze_0/lib\libxil.a(xil_printf.o): In function `padding':
/wrk/ptx/users/nagaraju/GCC_2013_03/newlib/libgloss/microblaze/xil_printf.c:50: undefined reference to `outbyte'
../../freertos_bsp_0/microblaze_0/lib\libxil.a(xil_printf.o): In function `outnum':
/wrk/ptx/users/nagaraju/GCC_2013_03/newlib/libgloss/microblaze/xil_printf.c:112: undefined reference to `outbyte'
../../freertos_bsp_0/microblaze_0/lib\libxil.a(xil_printf.o): In function `xil_printf':
/wrk/ptx/users/nagaraju/GCC_2013_03/newlib/libgloss/microblaze/xil_printf.c:168: undefined reference to `outbyte'
../../freertos_bsp_0/microblaze_0/lib\libxil.a(xil_printf.o): In function `outs':
/wrk/ptx/users/nagaraju/GCC_2013_03/newlib/libgloss/microblaze/xil_printf.c:66: undefined reference to `outbyte'
../../freertos_bsp_0/microblaze_0/lib\libxil.a(xil_printf.o):/wrk/ptx/users/nagaraju/GCC_2013_03/newlib/libgloss/microblaze/xil_printf.c:229: more undefined references to `outbyte' follow
../../freertos_bsp_0/microblaze_0/lib\libxil.a(read.o): In function `read':
/wrk/ptx/users/nagaraju/GCC_2013_03/newlib/libgloss/microblaze/read.c:35: undefined reference to `inbyte'
collect2: ld returned 1 exit status
make: *** [sd.elf] Error 1
15:19:36 **** Incremental Build of configuration Debug for project freertos_test ****
make all 
make: Nothing to be done for `all'.
15:19:37 **** Incremental Build of configuration Debug for project freertos_fat ****
make all 
make: Nothing to be done for `all'.
15:19:38 **** Incremental Build of configuration Debug for project sd ****
make all 
'Building target: sd.elf'
'Invoking: MicroBlaze gcc linker'
mb-gcc -Wl,-T -Wl,../src/lscript.ld -L../../freertos_bsp_0/microblaze_0/lib -mlittle-endian -mxl-barrel-shift -mxl-pattern-compare -mcpu=v8.50.c -mno-xl-soft-mul -Wl,--no-relax -Wl,--gc-sections -o "sd.elf"  ./src/ff.o ./src/helloworld.o ./src/ma_delay.o ./src/ma_ff_timer.o ./src/ma_sd_gpio.o ./src/sdmm.o   -Wl,--start-group,-lxil,-lgcc,-lc,--end-group
c:/xilinx/14.7/ise_ds/edk/gnu/microblaze/nt/bin/../lib/gcc/microblaze-xilinx-elf/4.6.4/../../../../microblaze-xilinx-elf/lib/bs/m/le/crt0.o: In function `_vector_interrupt':
(.vectors.interrupt+0x0): undefined reference to `_interrupt_handler'
../../freertos_bsp_0/microblaze_0/lib\libxil.a(print.o): In function `print':
/wrk/ptx/users/nagaraju/GCC_2013_03/newlib/libgloss/microblaze/print.c:25: undefined reference to `outbyte'
../../freertos_bsp_0/microblaze_0/lib\libxil.a(xil_printf.o): In function `padding':
/wrk/ptx/users/nagaraju/GCC_2013_03/newlib/libgloss/microblaze/xil_printf.c:50: undefined reference to `outbyte'
../../freertos_bsp_0/microblaze_0/lib\libxil.a(xil_printf.o): In function `outnum':
/wrk/ptx/users/nagaraju/GCC_2013_03/newlib/libgloss/microblaze/xil_printf.c:112: undefined reference to `outbyte'
../../freertos_bsp_0/microblaze_0/lib\libxil.a(xil_printf.o): In function `xil_printf':
/wrk/ptx/users/nagaraju/GCC_2013_03/newlib/libgloss/microblaze/xil_printf.c:168: undefined reference to `outbyte'
../../freertos_bsp_0/microblaze_0/lib\libxil.a(xil_printf.o): In function `outs':
/wrk/ptx/users/nagaraju/GCC_2013_03/newlib/libgloss/microblaze/xil_printf.c:66: undefined reference to `outbyte'
../../freertos_bsp_0/microblaze_0/lib\libxil.a(xil_printf.o):/wrk/ptx/users/nagaraju/GCC_2013_03/newlib/libgloss/microblaze/xil_printf.c:229: more undefined references to `outbyte' follow
../../freertos_bsp_0/microblaze_0/lib\libxil.a(read.o): In function `read':
/wrk/ptx/users/nagaraju/GCC_2013_03/newlib/libgloss/microblaze/read.c:35: undefined reference to `inbyte'
collect2: ld returned 1 exit status
make: *** [sd.elf] Error 1
15:21:42 **** Build of project standalone_bsp_0 ****
make -k all 
libgen -hw ../microblaze_hw_platform/system.xml\
	       \
	       -pe microblaze_0 \
	       -log libgen.log \
	       system.mss
libgen
Xilinx EDK 14.7 Build EDK_P.20131013
Copyright (c) 1995-2012 Xilinx, Inc.  All rights reserved.

Command Line: libgen -hw ../microblaze_hw_platform/system.xml -pe microblaze_0
-log libgen.log system.mss 


Staging source files.
Running DRCs.
Running generate.
Running post_generate.
Running include - 'make -s include "COMPILER=mb-gcc" "ARCHIVER=mb-ar"
"COMPILER_FLAGS=-mlittle-endian -mno-xl-soft-mul -mxl-barrel-shift
-mxl-pattern-compare -mcpu=v8.50.c  -O2 -c" "EXTRA_COMPILER_FLAGS=-g
-ffunction-sections -fdata-sections"'.

Running libs - 'make -s libs "COMPILER=mb-gcc" "ARCHIVER=mb-ar"
"COMPILER_FLAGS=-mlittle-endian -mno-xl-soft-mul -mxl-barrel-shift
-mxl-pattern-compare -mcpu=v8.50.c  -O2 -c" "EXTRA_COMPILER_FLAGS=-g
-ffunction-sections -fdata-sections"'.
"Compiling common"
"Compiling standalone";
"Compiling gpio"
"Compiling spi"
"Compiling tmrctr"
"Compiling uartlite"
"Compiling bram"
"Compiling intc"
"Compiling cpu"
Running execs_generate.
'Finished building libraries'
15:21:58 **** Clean-only build of configuration Debug for project sd ****
make clean 
rm -rf  ./src/ff.o ./src/helloworld.o ./src/ma_delay.o ./src/ma_ff_timer.o ./src/ma_sd_gpio.o ./src/sdmm.o  ./src/ff.d ./src/helloworld.d ./src/ma_delay.d ./src/ma_ff_timer.d ./src/ma_sd_gpio.d ./src/sdmm.d  sd.elf.size  sd.elf.elfcheck  sd.elf
' '
15:21:58 **** Auto Build of configuration Debug for project sd ****
make all 
'Building file: ../src/ff.c'
'Invoking: MicroBlaze gcc compiler'
mb-gcc -Wall -O0 -g3 -I"D:\Projects\Posedge\sd_new_spi\sw\freertos_bsp_0\microblaze_0\include" -c -fmessage-length=0 -I../../standalone_bsp_0/microblaze_0/include -mlittle-endian -mxl-barrel-shift -mxl-pattern-compare -mcpu=v8.50.c -mno-xl-soft-mul -Wl,--no-relax -ffunction-sections -fdata-sections -MMD -MP -MF"src/ff.d" -MT"src/ff.d" -o "src/ff.o" "../src/ff.c"
'Finished building: ../src/ff.c'
' '
'Building file: ../src/helloworld.c'
'Invoking: MicroBlaze gcc compiler'
mb-gcc -Wall -O0 -g3 -I"D:\Projects\Posedge\sd_new_spi\sw\freertos_bsp_0\microblaze_0\include" -c -fmessage-length=0 -I../../standalone_bsp_0/microblaze_0/include -mlittle-endian -mxl-barrel-shift -mxl-pattern-compare -mcpu=v8.50.c -mno-xl-soft-mul -Wl,--no-relax -ffunction-sections -fdata-sections -MMD -MP -MF"src/helloworld.d" -MT"src/helloworld.d" -o "src/helloworld.o" "../src/helloworld.c"
../src/helloworld.c: In function 'main':
../src/helloworld.c:54:2: warning: implicit declaration of function 'disk_ioctl' [-Wimplicit-function-declaration]
../src/helloworld.c:57:2: warning: format '%d' expects argument of type 'int', but argument 2 has type 'DWORD' [-Wformat]
../src/helloworld.c:57:2: warning: format '%d' expects argument of type 'int', but argument 2 has type 'DWORD' [-Wformat]
'Finished building: ../src/helloworld.c'
' '
'Building file: ../src/ma_delay.c'
'Invoking: MicroBlaze gcc compiler'
mb-gcc -Wall -O0 -g3 -I"D:\Projects\Posedge\sd_new_spi\sw\freertos_bsp_0\microblaze_0\include" -c -fmessage-length=0 -I../../standalone_bsp_0/microblaze_0/include -mlittle-endian -mxl-barrel-shift -mxl-pattern-compare -mcpu=v8.50.c -mno-xl-soft-mul -Wl,--no-relax -ffunction-sections -fdata-sections -MMD -MP -MF"src/ma_delay.d" -MT"src/ma_delay.d" -o "src/ma_delay.o" "../src/ma_delay.c"
'Finished building: ../src/ma_delay.c'
' '
'Building file: ../src/ma_ff_timer.c'
'Invoking: MicroBlaze gcc compiler'
mb-gcc -Wall -O0 -g3 -I"D:\Projects\Posedge\sd_new_spi\sw\freertos_bsp_0\microblaze_0\include" -c -fmessage-length=0 -I../../standalone_bsp_0/microblaze_0/include -mlittle-endian -mxl-barrel-shift -mxl-pattern-compare -mcpu=v8.50.c -mno-xl-soft-mul -Wl,--no-relax -ffunction-sections -fdata-sections -MMD -MP -MF"src/ma_ff_timer.d" -MT"src/ma_ff_timer.d" -o "src/ma_ff_timer.o" "../src/ma_ff_timer.c"
'Finished building: ../src/ma_ff_timer.c'
' '
'Building file: ../src/ma_sd_gpio.c'
'Invoking: MicroBlaze gcc compiler'
mb-gcc -Wall -O0 -g3 -I"D:\Projects\Posedge\sd_new_spi\sw\freertos_bsp_0\microblaze_0\include" -c -fmessage-length=0 -I../../standalone_bsp_0/microblaze_0/include -mlittle-endian -mxl-barrel-shift -mxl-pattern-compare -mcpu=v8.50.c -mno-xl-soft-mul -Wl,--no-relax -ffunction-sections -fdata-sections -MMD -MP -MF"src/ma_sd_gpio.d" -MT"src/ma_sd_gpio.d" -o "src/ma_sd_gpio.o" "../src/ma_sd_gpio.c"
'Finished building: ../src/ma_sd_gpio.c'
' '
'Building file: ../src/sdmm.c'
'Invoking: MicroBlaze gcc compiler'
mb-gcc -Wall -O0 -g3 -I"D:\Projects\Posedge\sd_new_spi\sw\freertos_bsp_0\microblaze_0\include" -c -fmessage-length=0 -I../../standalone_bsp_0/microblaze_0/include -mlittle-endian -mxl-barrel-shift -mxl-pattern-compare -mcpu=v8.50.c -mno-xl-soft-mul -Wl,--no-relax -ffunction-sections -fdata-sections -MMD -MP -MF"src/sdmm.d" -MT"src/sdmm.d" -o "src/sdmm.o" "../src/sdmm.c"
'Finished building: ../src/sdmm.c'
' '
'Building target: sd.elf'
'Invoking: MicroBlaze gcc linker'
mb-gcc -Wl,-T -Wl,../src/lscript.ld -L../../standalone_bsp_0/microblaze_0/lib -mlittle-endian -mxl-barrel-shift -mxl-pattern-compare -mcpu=v8.50.c -mno-xl-soft-mul -Wl,--no-relax -Wl,--gc-sections -o "sd.elf"  ./src/ff.o ./src/helloworld.o ./src/ma_delay.o ./src/ma_ff_timer.o ./src/ma_sd_gpio.o ./src/sdmm.o   -Wl,--start-group,-lxil,-lgcc,-lc,--end-group
'Finished building target: sd.elf'
' '
'Invoking: MicroBlaze Print Size'
mb-size sd.elf  |tee "sd.elf.size"
   text	   data	    bss	    dec	    hex	filename
  89652	   1548	  44464	 135664	  211f0	sd.elf
'Finished building: sd.elf.size'
' '
'Invoking: Xilinx ELF Check'
elfcheck sd.elf -hw ../../microblaze_hw_platform/system.xml -pe microblaze_0  |tee "sd.elf.elfcheck"
elfcheck
Xilinx EDK 14.7 Build EDK_P.20131013
Copyright (c) 1995-2012 Xilinx, Inc.  All rights reserved.

Command Line: elfcheck -hw ../../microblaze_hw_platform/system.xml -pe
microblaze_0 sd.elf 

ELF file	: sd.elf
elfcheck passed.
'Finished building: sd.elf.elfcheck'
' '
15:22:24 **** Auto Build of configuration Debug for project sd ****
make all 
'Building file: ../src/helloworld.c'
'Invoking: MicroBlaze gcc compiler'
mb-gcc -Wall -O0 -g3 -I"D:\Projects\Posedge\sd_new_spi\sw\freertos_bsp_0\microblaze_0\include" -c -fmessage-length=0 -I../../standalone_bsp_0/microblaze_0/include -mlittle-endian -mxl-barrel-shift -mxl-pattern-compare -mcpu=v8.50.c -mno-xl-soft-mul -Wl,--no-relax -ffunction-sections -fdata-sections -MMD -MP -MF"src/helloworld.d" -MT"src/helloworld.d" -o "src/helloworld.o" "../src/helloworld.c"
../src/helloworld.c: In function 'main':
../src/helloworld.c:54:2: warning: implicit declaration of function 'disk_ioctl' [-Wimplicit-function-declaration]
'Finished building: ../src/helloworld.c'
' '
'Building target: sd.elf'
'Invoking: MicroBlaze gcc linker'
mb-gcc -Wl,-T -Wl,../src/lscript.ld -L../../standalone_bsp_0/microblaze_0/lib -mlittle-endian -mxl-barrel-shift -mxl-pattern-compare -mcpu=v8.50.c -mno-xl-soft-mul -Wl,--no-relax -Wl,--gc-sections -o "sd.elf"  ./src/ff.o ./src/helloworld.o ./src/ma_delay.o ./src/ma_ff_timer.o ./src/ma_sd_gpio.o ./src/sdmm.o   -Wl,--start-group,-lxil,-lgcc,-lc,--end-group
'Finished building target: sd.elf'
' '
'Invoking: MicroBlaze Print Size'
mb-size sd.elf  |tee "sd.elf.size"
   text	   data	    bss	    dec	    hex	filename
  89652	   1548	  44464	 135664	  211f0	sd.elf
'Finished building: sd.elf.size'
' '
'Invoking: Xilinx ELF Check'
elfcheck sd.elf -hw ../../microblaze_hw_platform/system.xml -pe microblaze_0  |tee "sd.elf.elfcheck"
elfcheck
Xilinx EDK 14.7 Build EDK_P.20131013
Copyright (c) 1995-2012 Xilinx, Inc.  All rights reserved.

Command Line: elfcheck -hw ../../microblaze_hw_platform/system.xml -pe
microblaze_0 sd.elf 

ELF file	: sd.elf
elfcheck passed.
'Finished building: sd.elf.elfcheck'
' '
15:29:15 **** Auto Build of project freertos_bsp_0 ****
make -k all 
'Finished building libraries'
15:29:15 **** Auto Build of project standalone_bsp_0 ****
make -k all 
'Finished building libraries'
15:29:24 **** Auto Build of project freertos_bsp_0 ****
make -k all 
'Finished building libraries'
15:29:25 **** Auto Build of project standalone_bsp_0 ****
make -k all 
'Finished building libraries'
15:29:32 **** Auto Build of project freertos_bsp_0 ****
make -k all 
'Finished building libraries'
15:29:32 **** Auto Build of project standalone_bsp_0 ****
make -k all 
'Finished building libraries'
15:30:30 **** Incremental Build of configuration Debug for project sd ****
make all 
make: Nothing to be done for `all'.
15:30:36 **** Incremental Build of configuration Debug for project sd ****
make all 
make: Nothing to be done for `all'.
15:31:31 **** Incremental Build of configuration Debug for project sd ****
make all 
make: Nothing to be done for `all'.
15:31:50 **** Incremental Build of configuration Debug for project sd ****
make all 
make: Nothing to be done for `all'.
15:32:55 **** Incremental Build of configuration Debug for project sd ****
make all 
make: Nothing to be done for `all'.
15:33:04 **** Incremental Build of configuration Debug for project sd ****
make all 
make: Nothing to be done for `all'.
15:34:01 **** Incremental Build of configuration Debug for project sd ****
make all 
make: Nothing to be done for `all'.
15:34:06 **** Incremental Build of configuration Debug for project sd ****
make all 
make: Nothing to be done for `all'.
15:35:09 **** Auto Build of project standalone_bsp_0 ****
make -k all 
'Finished building libraries'
15:35:32 **** Auto Build of project standalone_bsp_0 ****
make -k all 
'Finished building libraries'
15:38:24 **** Auto Build of project standalone_bsp_0 ****
make -k all 
'Finished building libraries'
15:38:38 **** Auto Build of project standalone_bsp_0 ****
make -k all 
'Finished building libraries'
15:39:24 **** Auto Build of project standalone_bsp_0 ****
make -k all 
'Finished building libraries'
15:42:14 **** Auto Build of project standalone_bsp_0 ****
make -k all 
'Finished building libraries'
15:42:24 **** Incremental Build of configuration Debug for project sd ****
make all 
make: Nothing to be done for `all'.
15:43:44 **** Incremental Build of configuration Debug for project sd ****
make all 
make: Nothing to be done for `all'.
15:44:16 **** Incremental Build of configuration Debug for project sd ****
make all 
make: Nothing to be done for `all'.
15:57:12 **** Auto Build of project standalone_bsp_0 ****
make -k all 
'Finished building libraries'
15:57:13 **** Auto Build of configuration Debug for project sd ****
make all 
make: Nothing to be done for `all'.
15:57:25 **** Auto Build of project standalone_bsp_0 ****
make -k all 
'Finished building libraries'
15:57:35 **** Incremental Build of configuration Debug for project sd ****
make all 
make: Nothing to be done for `all'.
15:58:09 **** Incremental Build of configuration Debug for project sd ****
make all 
make: Nothing to be done for `all'.
15:59:14 **** Incremental Build of configuration Debug for project sd ****
make all 
make: Nothing to be done for `all'.
16:00:26 **** Auto Build of project standalone_bsp_0 ****
make -k all 
'Finished building libraries'
16:00:32 **** Incremental Build of configuration Debug for project sd ****
make all 
make: Nothing to be done for `all'.
16:01:07 **** Incremental Build of configuration Debug for project sd ****
make all 
make: Nothing to be done for `all'.
16:02:46 **** Incremental Build of configuration Debug for project sd ****
make all 
make: Nothing to be done for `all'.
16:16:10 **** Auto Build of project standalone_bsp_0 ****
make -k all 
'Finished building libraries'
16:19:05 **** Incremental Build of configuration Debug for project sd ****
make all 
make: Nothing to be done for `all'.
