D:\Projects\Posedge\posedge_one_public\DemoProjects\spi_bootloader\ise\hw\microblaze_top.ngc 1639676633
D:\Projects\Posedge\posedge_one_public\DemoProjects\spi_bootloader\ise\hw/microblaze.ngc 1639676614
D:\Projects\Posedge\posedge_one_public\DemoProjects\spi_bootloader\ise\hw/microblaze_rs232_uart_1_wrapper.ngc 1639676614
D:\Projects\Posedge\posedge_one_public\DemoProjects\spi_bootloader\ise\hw/microblaze_proc_sys_reset_0_wrapper.ngc 1639676614
D:\Projects\Posedge\posedge_one_public\DemoProjects\spi_bootloader\ise\hw/microblaze_clock_generator_0_wrapper.ngc 1639676614
D:\Projects\Posedge\posedge_one_public\DemoProjects\spi_bootloader\ise\hw/microblaze_axi_spi_0_wrapper.ngc 1639676614
D:\Projects\Posedge\posedge_one_public\DemoProjects\spi_bootloader\ise\hw/microblaze_microblaze_0_ilmb_wrapper.ngc 1639676614
D:\Projects\Posedge\posedge_one_public\DemoProjects\spi_bootloader\ise\hw/microblaze_microblaze_0_dlmb_wrapper.ngc 1639676614
D:\Projects\Posedge\posedge_one_public\DemoProjects\spi_bootloader\ise\hw/microblaze_axi4lite_0_wrapper.ngc 1639676614
D:\Projects\Posedge\posedge_one_public\DemoProjects\spi_bootloader\ise\hw/microblaze_microblaze_0_wrapper.ngc 1639676614
D:\Projects\Posedge\posedge_one_public\DemoProjects\spi_bootloader\ise\hw/microblaze_microblaze_0_i_bram_ctrl_wrapper.ngc 1639676614
D:\Projects\Posedge\posedge_one_public\DemoProjects\spi_bootloader\ise\hw/microblaze_microblaze_0_d_bram_ctrl_wrapper.ngc 1639676614
D:\Projects\Posedge\posedge_one_public\DemoProjects\spi_bootloader\ise\hw/microblaze_debug_module_wrapper.ngc 1639676614
D:\Projects\Posedge\posedge_one_public\DemoProjects\spi_bootloader\ise\hw/microblaze_generic_external_memory_wrapper.ngc 1639676614
D:\Projects\Posedge\posedge_one_public\DemoProjects\spi_bootloader\ise\hw/microblaze_microblaze_0_bram_block_wrapper.ngc 1639676614
OK
