15:31:34 **** Clean-only build of configuration Debug for project bootloader ****
make clean 
rm -rf  ./src/bootloader.o ./src/platform.o ./src/srec.o  ./src/bootloader.d ./src/platform.d ./src/srec.d  bootloader.elf.size  bootloader.elf.elfcheck  bootloader.elf
' '
15:31:35 **** Clean-only build of project standalone_bsp_0 ****
make -k clean 
rm -rf microblaze_0
15:31:35 **** Build of project standalone_bsp_0 ****
make -k all 
libgen -hw ../microblaze_hw_platform/system.xml\
	       -lp D:/KernelAwareBSPRepository\
	       -pe microblaze_0 \
	       -log libgen.log \
	       system.mss
libgen
Xilinx EDK 14.7 Build EDK_P.20131013
Copyright (c) 1995-2012 Xilinx, Inc.  All rights reserved.

Command Line: libgen -hw ../microblaze_hw_platform/system.xml -lp
D:/KernelAwareBSPRepository -pe microblaze_0 -log libgen.log system.mss 


Staging source files.
Running DRCs.
Running DRC for XilIsf library... 



Running generate.
Running post_generate.
Running include - 'make -s include "COMPILER=mb-gcc" "ARCHIVER=mb-ar"
"COMPILER_FLAGS=-mlittle-endian -mno-xl-soft-mul -mxl-barrel-shift
-mxl-pattern-compare -mcpu=v8.50.c  -O2 -c" "EXTRA_COMPILER_FLAGS=-g
-ffunction-sections -fdata-sections"'.

Running libs - 'make -s libs "COMPILER=mb-gcc" "ARCHIVER=mb-ar"
"COMPILER_FLAGS=-mlittle-endian -mno-xl-soft-mul -mxl-barrel-shift
-mxl-pattern-compare -mcpu=v8.50.c  -O2 -c" "EXTRA_COMPILER_FLAGS=-g
-ffunction-sections -fdata-sections"'.
"Compiling common"
"Compiling standalone";
"Compiling XilIsf Library"
xilisf.c: In function 'XIsf_RegisterInterface':
xilisf.c:890:41: warning: assignment from incompatible pointer type [enabled by default]
"Creating archive libxilisf.a"
"Compiling spi"
"Compiling uartlite"
"Compiling bram"
"Compiling cpu"
Running execs_generate.
'Finished building libraries'
15:31:43 **** Build of configuration Debug for project bootloader ****
make all 
'Building file: ../src/bootloader.c'
'Invoking: MicroBlaze gcc compiler'
mb-gcc -Wall -O0 -g3 -c -fmessage-length=0 -I../../standalone_bsp_0/microblaze_0/include -mlittle-endian -mxl-barrel-shift -mxl-pattern-compare -mcpu=v8.50.c -mno-xl-soft-mul -Wl,--no-relax -ffunction-sections -fdata-sections -MMD -MP -MF"src/bootloader.d" -MT"src/bootloader.d" -o "src/bootloader.o" "../src/bootloader.c"
In file included from ../src/bootloader.c:36:0:
../src/blconfig.h:12:2: warning: #warning "Please provide the correct address value for the definition FLASH_IMAGE_BASEADDR." [-Wcpp]
../src/bootloader.c: In function 'flash_get_srec_line':
../src/bootloader.c:234:24: warning: assignment makes integer from pointer without a cast [enabled by default]
../src/bootloader.c:239:6: warning: implicit declaration of function 'IsfWaitForFlashNotBusy' [-Wimplicit-function-declaration]
../src/bootloader.c:245:28: warning: assignment makes integer from pointer without a cast [enabled by default]
'Finished building: ../src/bootloader.c'
' '
'Building file: ../src/platform.c'
'Invoking: MicroBlaze gcc compiler'
mb-gcc -Wall -O0 -g3 -c -fmessage-length=0 -I../../standalone_bsp_0/microblaze_0/include -mlittle-endian -mxl-barrel-shift -mxl-pattern-compare -mcpu=v8.50.c -mno-xl-soft-mul -Wl,--no-relax -ffunction-sections -fdata-sections -MMD -MP -MF"src/platform.d" -MT"src/platform.d" -o "src/platform.o" "../src/platform.c"
'Finished building: ../src/platform.c'
' '
'Building file: ../src/srec.c'
'Invoking: MicroBlaze gcc compiler'
mb-gcc -Wall -O0 -g3 -c -fmessage-length=0 -I../../standalone_bsp_0/microblaze_0/include -mlittle-endian -mxl-barrel-shift -mxl-pattern-compare -mcpu=v8.50.c -mno-xl-soft-mul -Wl,--no-relax -ffunction-sections -fdata-sections -MMD -MP -MF"src/srec.d" -MT"src/srec.d" -o "src/srec.o" "../src/srec.c"
'Finished building: ../src/srec.c'
' '
'Building target: bootloader.elf'
'Invoking: MicroBlaze gcc linker'
mb-gcc -Wl,-T -Wl,../src/lscript.ld -L../../standalone_bsp_0/microblaze_0/lib -mlittle-endian -mxl-barrel-shift -mxl-pattern-compare -mcpu=v8.50.c -mno-xl-soft-mul -Wl,--no-relax -Wl,--gc-sections -o "bootloader.elf"  ./src/bootloader.o ./src/platform.o ./src/srec.o   -Wl,--start-group,-lxil,-lgcc,-lc,--end-group -Wl,--start-group,-lxilisf,-lxil,-lgcc,-lc,--end-group
'Finished building target: bootloader.elf'
' '
'Invoking: MicroBlaze Print Size'
mb-size bootloader.elf  |tee "bootloader.elf.size"
   text	   data	    bss	    dec	    hex	filename
  10876	    312	   3188	  14376	   3828	bootloader.elf
'Finished building: bootloader.elf.size'
' '
'Invoking: Xilinx ELF Check'
elfcheck bootloader.elf -hw ../../microblaze_hw_platform/system.xml -pe microblaze_0  |tee "bootloader.elf.elfcheck"
elfcheck
Xilinx EDK 14.7 Build EDK_P.20131013
Copyright (c) 1995-2012 Xilinx, Inc.  All rights reserved.

Command Line: elfcheck -hw ../../microblaze_hw_platform/system.xml -pe
microblaze_0 bootloader.elf 

ELF file	: bootloader.elf
elfcheck passed.
'Finished building: bootloader.elf.elfcheck'
' '
15:31:49 **** Incremental Build of configuration Debug for project hello ****
make all 
make: Nothing to be done for `all'.
15:31:50 **** Incremental Build of configuration Debug for project bootloader ****
make all 
make: Nothing to be done for `all'.
19:00:33 **** Auto Build of project hello_bsp ****
make -k all 
'Finished building libraries'
19:00:33 **** Auto Build of project standalone_bsp_0 ****
make -k all 
'Finished building libraries'
19:00:39 **** Incremental Build of configuration Debug for project hello ****
make all 
make: Nothing to be done for `all'.
19:00:40 **** Incremental Build of configuration Debug for project bootloader ****
make all 
make: Nothing to be done for `all'.
19:13:47 **** Auto Build of project hello_bsp ****
make -k all 
'Finished building libraries'
19:13:48 **** Auto Build of project standalone_bsp_0 ****
make -k all 
'Finished building libraries'
19:14:18 **** Auto Build of project hello_bsp ****
make -k all 
'Finished building libraries'
19:14:18 **** Auto Build of project standalone_bsp_0 ****
make -k all 
'Finished building libraries'
19:15:03 **** Auto Build of project hello_bsp ****
make -k all 
'Finished building libraries'
19:15:03 **** Auto Build of project standalone_bsp_0 ****
make -k all 
'Finished building libraries'
19:15:10 **** Auto Build of project hello_bsp ****
make -k all 
'Finished building libraries'
19:15:10 **** Auto Build of project standalone_bsp_0 ****
make -k all 
'Finished building libraries'
19:19:00 **** Auto Build of project hello_bsp ****
make -k all 
'Finished building libraries'
19:19:00 **** Auto Build of project standalone_bsp_0 ****
make -k all 
'Finished building libraries'
00:47:52 **** Auto Build of project hello_bsp ****
make -k all 
'Finished building libraries'
00:47:52 **** Auto Build of project standalone_bsp_0 ****
make -k all 
'Finished building libraries'
